// Jest Snapshot v1, https://goo.gl/fbAQLP

exports[`renders without crashing 1`] = `
<DocumentFragment>
  <div>
    <div
      class=" tc bg-light-green dib br4 pa3 ma2 grow bw2 shadow-5"
    >
      <img
        alt="robots"
        src="https://robohash.org/1?200*200"
      />
      <div>
        <h2>
          Leanne Graham
        </h2>
        <p>
          Sincere@april.biz
        </p>
      </div>
    </div>
  </div>
</DocumentFragment>
`;
